// Jest Snapshot v1, https://goo.gl/fbAQLP

exports[`ColorSchemeToggle should render the ColorSchemeToggle 1`] = `
<div>
  <style
    data-mantine-styles="classes"
  >
    @media (max-width: 35.99375em) {.mantine-visible-from-xs {display: none !important;}}@media (min-width: 36em) {.mantine-hidden-from-xs {display: none !important;}}@media (max-width: 47.99375em) {.mantine-visible-from-sm {display: none !important;}}@media (min-width: 48em) {.mantine-hidden-from-sm {display: none !important;}}@media (max-width: 61.99375em) {.mantine-visible-from-md {display: none !important;}}@media (min-width: 62em) {.mantine-hidden-from-md {display: none !important;}}@media (max-width: 74.99375em) {.mantine-visible-from-lg {display: none !important;}}@media (min-width: 75em) {.mantine-hidden-from-lg {display: none !important;}}@media (max-width: 87.99375em) {.mantine-visible-from-xl {display: none !important;}}@media (min-width: 88em) {.mantine-hidden-from-xl {display: none !important;}}
  </style>
  <div
    class="m-4081bf90 mantine-Group-root"
    style="--group-gap: var(--mantine-spacing-md); --group-align: center; --group-justify: center; --group-wrap: wrap;"
  >
    <button
      class="mantine-focus-auto mantine-active m-77c9d27d mantine-Button-root m-87cf2631 mantine-UnstyledButton-root"
      type="button"
    >
      <span
        class="m-80f1301b mantine-Button-inner"
      >
        <span
          class="m-811560b9 mantine-Button-label"
        >
          Light
        </span>
      </span>
    </button>
    <button
      class="mantine-focus-auto mantine-active m-77c9d27d mantine-Button-root m-87cf2631 mantine-UnstyledButton-root"
      type="button"
    >
      <span
        class="m-80f1301b mantine-Button-inner"
      >
        <span
          class="m-811560b9 mantine-Button-label"
        >
          Dark
        </span>
      </span>
    </button>
    <button
      class="mantine-focus-auto mantine-active m-77c9d27d mantine-Button-root m-87cf2631 mantine-UnstyledButton-root"
      type="button"
    >
      <span
        class="m-80f1301b mantine-Button-inner"
      >
        <span
          class="m-811560b9 mantine-Button-label"
        >
          Auto
        </span>
      </span>
    </button>
  </div>
</div>
`;
